===== ANALYST nemotron3 2026-09-03 16:16:20 UTC =====
[0m
> build · nemotron-3-ultra-free
[0m
[0m$ [0mls -la /home/runner/work/onecode-hunt/onecode-hunt
total 96
drwxr-xr-x 11 runner runner 4096 Sep  3 16:10 .
drwxr-xr-x  3 runner runner 4096 Sep  3 16:10 ..
drwxr-xr-x  7 runner runner 4096 Sep  3 16:10 .git
drwxr-xr-x  3 runner runner 4096 Sep  3 16:10 .github
-rw-r--r--  1 runner runner 1692 Sep  3 16:10 README.md
-rw-r--r--  1 runner runner   43 Sep  3 16:10 analyst-out.txt
-rw-r--r--  1 runner runner 6675 Sep  3 16:10 analyst-prompt.txt
-rw-r--r--  1 runner runner 2826 Sep  3 16:10 ctx.txt
drwxr-xr-x  2 runner runner 4096 Sep  3 16:10 inventory
drwxr-xr-x  2 runner runner 4096 Sep  3 16:10 knowledge
drwxr-xr-x  2 runner runner 4096 Sep  3 16:10 leads
-rw-r--r--  1 runner runner  145 Sep  3 16:10 probe-results.md
drwxr-xr-x  2 runner runner 4096 Sep  3 16:10 recon-notes
drwxr-xr-x  2 runner runner 4096 Sep  3 16:10 reports
-rw-r--r--  1 runner runner 3268 Sep  3 16:10 scope.yml
drwxr-xr-x  2 runner runner 4096 Sep  3 16:10 scripts
-rw-r--r--  1 runner runner   32 Sep  3 16:10 state_bigpickle.json
-rw-r--r--  1 runner runner   32 Sep  3 16:10 state_laguna.json
-rw-r--r--  1 runner runner   32 Sep  3 16:10 state_ling3.json
-rw-r--r--  1 runner runner   32 Sep  3 16:10 state_longcat.json
-rw-r--r--  1 runner runner   33 Sep  3 16:10 state_mimo.json
-rw-r--r--  1 runner runner   32 Sep  3 16:10 state_nemotron3.json
drwxr-xr-x  2 runner runner 4096 Sep  3 16:10 triage
[0m
[0m→ [0mRead scope.yml
[0m→ [0mRead inventory/onecode.md
[0m→ [0mRead ctx.txt
[0m→ [0mRead probe-results.md
[0m
[0m$ [0mls -la /home/runner/work/onecode-hunt/onecode-hunt/leads/
total 12
drwxr-xr-x  2 runner runner 4096 Sep  3 16:10 .
drwxr-xr-x 11 runner runner 4096 Sep  3 16:10 ..
-rw-r--r--  1 runner runner   18 Sep  3 16:10 lead-mimo.md
[0m
[0m$ [0mls -la /home/runner/work/onecode-hunt/onecode-hunt/recon-notes/
total 12
drwxr-xr-x  2 runner runner 4096 Sep  3 16:10 .
drwxr-xr-x 11 runner runner 4096 Sep  3 16:10 ..
-rw-r--r--  1 runner runner  816 Sep  3 16:10 DEDICATED-DEEP.md
[0m
[0m→ [0mRead leads/lead-mimo.md
[0m→ [0mRead recon-notes/DEDICATED-DEEP.md
Now I have full context. Let me execute the 8-step analysis.

---

**STEP 1 — DELTA**

NO_DELTA — Current surface matches knowledge base (inventory + passive recon + deep scans from 2026-09-02). No new hosts, no changed status codes, no new leads/hypotheses since last timestamp (2026-09-03 11:43:43 UTC). Baseline established: 3 live HTTP hosts (kurs, www, mta-sts), 7 unprobed hosts, wildcard-dominated DNS.

---

**STEP 2 — PRIORITIZE**

[PRIO] kurs.onecode.de,8.5,a=9,b=9,t=8,g=9,c=7,f=6  
[PRIO] onecode.de,5.5,a=6,b=7,t=4,g=6,c=5,f=5  
[PRIO] www.onecode.de,3.5,a=4,b=5,t=3,g=5,c=4,f=4  
[PRIO] mail.onecode.de,3.0,a=5,b=6,t=2,g=4,c=3,f=3  
[PRIO] cto.onecode.de,2.5,a=4,b=5,t=2,g=3,c=2,f=2  
[PRIO] mta-sts.onecode.de,1.5,a=2,b=2,t=1,g=5,c=2,f=2  

Axis weights: attack_surface=0.25, business_value=0.25, tech_exposure=0.15, gate_ease=0.15, cloud_surface=0.10, freshness=0.10

---

**STEP 3 — HYPOTHESES**

[HYP] Railway-hosted auth bypass via session fixation on kurs.onecode.de  
class: AUTH  
asset: kurs.onecode.de  
confidence: 65  
reasoning: Host runs on Railway (tgk4io5m.up.railway.app), serves 307 redirect to /login with railway-hikari server header. Railway apps commonly use cookie-based sessions; if session ID not regenerated post-login, fixation possible. No rate-limit headers observed in passive scan.  
evidence_needed: Set-Cookie header on /login response pre-auth; session ID reuse after successful login; absence of Secure/HttpOnly/SameSite on session cookie  
verify_steps: GET https://kurs.onecode.de/login (capture Set-Cookie); POST /login with valid creds (test account) observe if session ID changes; check cookie attributes  
impact: ATO on customer portal → course access, PII, payment data — HIGH  
testability: AUTH_HELPED  

[HYP] IDOR on course enrollment/resource access via predictable IDs on kurs.onecode.de  
class: IDOR  
asset: kurs.onecode.de  
confidence: 60  
reasoning: Course platforms typically use numeric/UUID resource IDs (course_id, user_id, enrollment_id). Railway backend suggests REST/GraphQL API. No auth on passive probe but 307 to /login implies protected resources.  
evidence_needed: Authenticated session; API endpoints accepting id/uid/course_id/enrollment_id params; cross-user access to enrollments/content  
verify_steps: GET https://kurs.onecode.de/api/* (enumerate via JS source/Network tab); authenticated GET /api/courses/{id} with other users' IDs; check for /api/v1, /api/v2, /graphql endpoints  
impact: Cross-tenant PII dump, unauthorized course access, enrollment manipulation — HIGH  
testability: AUTH_HELPED  

[HYP] Subdomain takeover risk on unprobed hostmaster.* / cto.onecode.de via dangling CNAME  
class: MISCONFIG  
asset: hostmaster.onecode.de, hostmaster.www.onecode.de, hostmaster.hostmaster.onecode.de, hostmaster.hostmaster.www.onecode.de, cto.onecode.de  
confidence: 45  
reasoning: 5 hosts unprobed in passive recon; hostmaster.* often point to DNS/mail providers (e.g., Cloudflare, Google Workspace); cto.onecode.de could point to personal/dev infra. Wildcard-dominated zone per dedicated-deep.md increases takeover surface.  
evidence_needed: CNAME targets for each unprobed host; verify if target service allows claim (e.g., GitHub Pages, Heroku, Railway, AWS S3)  
verify_steps: dig +short CNAME hostmaster.onecode.de; dig +short CNAME cto.onecode.de; check each CNAME target for claimability  
impact: Full subdomain control → phishing, credential harvest, brand damage — CRITICAL  
testability: PASSIVE  

---

**STEP 4 — SELF-CRITIQUE**

[PARKED] Subdomain takeover risk on unprobed hostmaster.* / cto.onecode.de via dangling CNAME: confidence 45 < 50 threshold; passive-only verify step insufficient to confirm claimability without active DNS interaction; requires live CNAME resolution which may touch provider APIs.  

[FINAL]  
1. Railway-hosted auth bypass via session fixation on kurs.onecode.de (confidence 65)  
2. IDOR on course enrollment/resource access via predictable IDs on kurs.onecode.de (confidence 60)

---

**STEP 5 — NEXT ACTION**

[NEXT] PROBE: GET https://kurs.onecode.de/login — capture Set-Cookie headers, response body (CSRF token, form structure), security headers (CSP, HSTS, X-Frame-Options), and any version/debug info in HTML/JS. Single read-only request, <=1 rps.

---

**STEP 6 — LEARNING**

[LEARN] REJECTED MISCONFIG @ hostmaster.*/cto.onecode.de: confidence below threshold (45), passive-only verification cannot confirm takeover without active DNS resolution against provider APIs; parked for future re-evaluation if CNAME targets identified.  
[LEARN] ACCEPTED AUTH @ kurs.onecode.de: Railway-hosted apps with 307 login redirect are high-value for session fixation/IDOR; tech_exposure=8 (Railway, auth flow, likely API).  
[LEARN] ACCEPTED IDOR @ kurs.onecode.de: Course platform semantics (enrollments, resources) strongly predict IDOR; gate_ease=9 (login required but test account feasible).

---

**STEP 7 — RISK**

[RISK] onecode: 75 — Primary asset (kurs.onecode.de) is a Railway-hosted customer portal with authentication, payments, and PII; two high-confidence hypotheses (AUTH, IDOR) with clear verify paths; unprobed subdomains (5) add takeover surface; wildcard DNS limits subdomain enumeration but focuses attack on known live assets.
===== ANALYST nemotron3 2026-09-03 19:28:15 UTC =====
[0m
> build · nemotron-3-ultra-free
[0m
[0m$ [0mls -la
total 116
drwxr-xr-x 12 runner runner  4096 Sep  3 19:19 .
drwxr-xr-x  3 runner runner  4096 Sep  3 19:19 ..
drwxr-xr-x  7 runner runner  4096 Sep  3 19:19 .git
drwxr-xr-x  3 runner runner  4096 Sep  3 19:19 .github
-rw-r--r--  1 runner runner  1692 Sep  3 19:19 README.md
-rw-r--r--  1 runner runner    43 Sep  3 19:19 analyst-out.txt
-rw-r--r--  1 runner runner 13142 Sep  3 19:19 analyst-prompt.txt
-rw-r--r--  1 runner runner  9293 Sep  3 19:19 ctx.txt
drwxr-xr-x  2 runner runner  4096 Sep  3 19:19 inventory
drwxr-xr-x  2 runner runner  4096 Sep  3 19:19 knowledge
drwxr-xr-x  2 runner runner  4096 Sep  3 19:19 leads
-rw-r--r--  1 runner runner   174 Sep  3 19:19 probe-results.md
drwxr-xr-x  2 runner runner  4096 Sep  3 19:19 recon-notes
drwxr-xr-x  2 runner runner  4096 Sep  3 19:19 reports
drwxr-xr-x  2 runner runner  4096 Sep  3 19:19 reposcan-raw
-rw-r--r--  1 runner runner  3268 Sep  3 19:19 scope.yml
drwxr-xr-x  2 runner runner  4096 Sep  3 19:19 scripts
-rw-r--r--  1 runner runner    37 Sep  3 19:19 state_bigpickle.json
-rw-r--r--  1 runner runner    37 Sep  3 19:19 state_laguna.json
-rw-r--r--  1 runner runner    37 Sep  3 19:19 state_ling3.json
-rw-r--r--  1 runner runner    37 Sep  3 19:19 state_longcat.json
-rw-r--r--  1 runner runner    33 Sep  3 19:19 state_mimo.json
-rw-r--r--  1 runner runner    37 Sep  3 19:19 state_nemotron3.json
drwxr-xr-x  2 runner runner  4096 Sep  3 19:19 triage
[0m
[0m$ [0mls -la inventory/ knowledge/ leads/ recon-notes/
inventory/:
total 12
drwxr-xr-x  2 runner runner 4096 Sep  3 19:19 .
drwxr-xr-x 12 runner runner 4096 Sep  3 19:19 ..
-rw-r--r--  1 runner runner 2409 Sep  3 19:19 onecode.md

knowledge/:
total 12
drwxr-xr-x  2 runner runner 4096 Sep  3 19:19 .
drwxr-xr-x 12 runner runner 4096 Sep  3 19:19 ..
-rw-r--r--  1 runner runner  804 Sep  3 19:19 index.md

leads/:
total 40
drwxr-xr-x  2 runner runner 4096 Sep  3 19:19 .
drwxr-xr-x 12 runner runner 4096 Sep  3 19:19 ..
-rw-r--r--  1 runner runner  971 Sep  3 19:19 lead-bigpickle.md
-rw-r--r--  1 runner runner   51 Sep  3 19:19 lead-laguna.md
-rw-r--r--  1 runner runner   50 Sep  3 19:19 lead-ling3.md
-rw-r--r--  1 runner runner   52 Sep  3 19:19 lead-longcat.md
-rw-r--r--  1 runner runner   18 Sep  3 19:19 lead-mimo.md
-rw-r--r--  1 runner runner 4443 Sep  3 19:19 lead-nemotron3.md
-rw-r--r--  1 runner runner  106 Sep  3 19:19 reposcan-onecode.md

recon-notes/:
total 12
drwxr-xr-x  2 runner runner 4096 Sep  3 19:19 .
drwxr-xr-x 12 runner runner 4096 Sep  3 19:19 ..
-rw-r--r--  1 runner runner  816 Sep  3 19:19 DEDICATED-DEEP.md
[0m
[0m→ [0mRead inventory/onecode.md
[0m→ [0mRead knowledge/index.md
[0m→ [0mRead leads/lead-nemotron3.md
[0m→ [0mRead leads/lead-bigpickle.md
[0m→ [0mRead probe-results.md
[0m→ [0mRead recon-notes/DEDICATED-DEEP.md
[0m→ [0mRead scope.yml
[0m→ [0mRead leads/lead-laguna.md
[0m→ [0mRead leads/lead-longcat.md
[0m→ [0mRead leads/lead-ling3.md
[0m→ [0mRead leads/lead-mimo.md
[0m→ [0mRead leads/reposcan-onecode.md
[0m→ [0mRead state_nemotron3.json
## STEP 1 — DELTA
NO_DELTA: Inventory unchanged (10 hosts, 3 live HTTP). No new probe results. Knowledge base unchanged. Primary asset remains `kurs.onecode.de` (Railway, 307→/login). 5 hosts unprobed (`hostmaster.*`, `cto.onecode.de`). Zone remains wildcard-dominated per DEDICATED-DEEP.md.

## STEP 2 — PRIORITIZE
[PRIO] kurs.onecode.de,8.4,a=9,b=9,t=8,g=9,c=7,f=6  
[PRIO] onecode.de,5.8,a=6,b=7,t=4,g=6,c=5,f=5  
[PRIO] www.onecode.de,4.3,a=4,b=5,t=3,g=5,c=4,f=4  
[PRIO] mail.onecode.de,3.8,a=5,b=6,t=2,g=4,c=3,f=3  
[PRIO] cto.onecode.de,2.8,a=4,b=5,t=2,g=3,c=2,f=2  
[PRIO] mta-sts.onecode.de,1.8,a=2,b=2,t=1,g=5,c=2,f=2

## STEP 3 — HYPOTHESES
[HYP] Session fixation via pre-auth cookie reuse on Railway-hosted kurs.onecode.de
class: AUTH
asset: kurs.onecode.de
confidence: 65
reasoning: Host runs on Railway (tgk4io5m.up.railway.app), serves 307 redirect to /login with railway-hikari server header. Railway apps commonly use cookie-based sessions; if session ID not regenerated post-login, fixation possible. No rate-limit headers observed in passive scan.
evidence_needed: Set-Cookie header on /login response pre-auth; session ID reuse after successful login; absence of Secure/HttpOnly/SameSite on session cookie
verify_steps: GET https://kurs.onecode.de/login (capture Set-Cookie); POST /login with valid creds (test account) observe if session ID changes; check cookie attributes
impact: ATO on customer portal → course access, PII, payment data — HIGH
testability: AUTH_HELPED

[HYP] IDOR on course enrollment/resource access via predictable IDs on kurs.onecode.de
class: IDOR
asset: kurs.onecode.de
confidence: 60
reasoning: Course platforms typically use numeric/UUID resource IDs (course_id, user_id, enrollment_id). Railway backend suggests REST/GraphQL API. No auth on passive probe but 307 to /login implies protected resources.
evidence_needed: Authenticated session; API endpoints accepting id/uid/course_id/enrollment_id params; cross-user access to enrollments/content
verify_steps: GET https://kurs.onecode.de/api/* (enumerate via JS source/Network tab); authenticated GET /api/courses/{id} with other users' IDs; check for /api/v1, /api/v2, /graphql endpoints
impact: Cross-tenant PII dump, unauthorized course access, enrollment manipulation — HIGH
testability: AUTH_HELPED

[HYP] GraphQL introspection enabled on kurs.onecode.de API endpoint
class: MISCONFIG
asset: kurs.onecode.de
confidence: 45
reasoning: Railway-hosted Node.js/TypeScript apps frequently expose GraphQL at /graphql or /api/graphql with introspection enabled by default. No API endpoints identified yet in passive recon.
evidence_needed: 200 OK with __schema response on GET/POST to /graphql or /api/graphql; introspection query returns types/queries/mutations
verify_steps: GET https://kurs.onecode.de/graphql (HEAD first); if 200/400, POST {"query":"{__schema{types{name}}}"} to confirm introspection
impact: Full API schema leak → hidden mutations, admin operations, BOLA paths — HIGH
testability: PASSIVE

## STEP 4 — SELF-CRITIQUE
[PARKED] GraphQL introspection enabled on kurs.onecode.de API endpoint: confidence 45 < 50 threshold; no evidence GraphQL exists; verify step speculative without endpoint confirmation.
[FINAL] 
1. [65] Session fixation via pre-auth cookie reuse on Railway-hosted kurs.onecode.de
2. [60] IDOR on course enrollment/resource access via predictable IDs on kurs.onecode.de

## STEP 5 — NEXT ACTION
[NEXT] PROBE: GET https://kurs.onecode.de/login — capture Set-Cookie headers, response body (CSRF token, form structure), security headers (CSP, HSTS, X-Frame-Options), and any version/debug info in HTML/JS. Single read-only request, <=1 rps.

## STEP 6 — LEARNING
[LEARN] REJECTED MISCONFIG @ hostmaster.*/cto.onecode.de: confidence below threshold (45), passive-only verification cannot confirm takeover without active DNS resolution against provider APIs; parked for future re-evaluation if CNAME targets identified.
[LEARN] ACCEPTED AUTH @ kurs.onecode.de: Railway-hosted apps with 307 login redirect are high-value for session fixation/IDOR; tech_exposure=8 (Railway, auth flow, likely API).
[LEARN] ACCEPTED IDOR @ kurs.onecode.de: Course platform semantics (enrollments, resources) strongly predict IDOR; gate_ease=9 (login required but test account feasible).
[LEARN] ACCEPTED MISCONFIG @ kurs.onecode.de: Railway app likely has API surface (from bigpickle).

## STEP 7 — RISK
[RISK] onecode: 75 — Primary asset (kurs.onecode.de) is a Railway-hosted customer portal with authentication, payments, and PII; two high-confidence hypotheses (AUTH, IDOR) with clear verify paths; unprobed subdomains (5) add takeover surface; wildcard DNS limits subdomain enumeration but focuses attack on known live assets.
