===== ANALYST laguna 2026-09-03 16:16:20 UTC =====
[91m[1mError: [0m{
  "name": "UnknownError",
  "data": {
    "message": "Unexpected server error. Check server logs for details.",
    "ref": "err_07d0a27f"
  }
}
===== ANALYST laguna 2026-09-03 19:28:15 UTC =====
[91m[1mError: [0m{
  "name": "UnknownError",
  "data": {
    "message": "Unexpected server error. Check server logs for details.",
    "ref": "err_09dbae64"
  }
}
===== ANALYST laguna 2026-09-03 21:54:04 UTC =====
[91m[1mError: [0m{
  "name": "UnknownError",
  "data": {
    "message": "Unexpected server error. Check server logs for details.",
    "ref": "err_82baff82"
  }
}
===== ANALYST laguna 2026-09-04 00:01:14 UTC =====
[91m[1mError: [0m{
  "name": "UnknownError",
  "data": {
    "message": "Unexpected server error. Check server logs for details.",
    "ref": "err_2fafe4d6"
  }
}
===== ANALYST laguna 2026-09-04 03:59:02 UTC =====
[91m[1mError: [0m{
  "name": "UnknownError",
  "data": {
    "message": "Unexpected server error. Check server logs for details.",
    "ref": "err_16e40695"
  }
}
===== ANALYST laguna 2026-09-04 08:47:33 UTC =====
[91m[1mError: [0m{
  "name": "UnknownError",
  "data": {
    "message": "Unexpected server error. Check server logs for details.",
    "ref": "err_b121368e"
  }
}
===== ANALYST laguna 2026-09-04 13:36:00 UTC =====
[91m[1mError: [0m{
  "name": "UnknownError",
  "data": {
    "message": "Unexpected server error. Check server logs for details.",
    "ref": "err_f5cbcdc6"
  }
}
===== ANALYST laguna 2026-09-04 17:14:36 UTC =====
[91m[1mError: [0m{
  "name": "UnknownError",
  "data": {
    "message": "Unexpected server error. Check server logs for details.",
    "ref": "err_92c2dce7"
  }
}
===== ANALYST laguna 2026-09-04 20:01:49 UTC =====
[91m[1mError: [0m{
  "name": "UnknownError",
  "data": {
    "message": "Unexpected server error. Check server logs for details.",
    "ref": "err_f7414990"
  }
}
===== ANALYST laguna 2026-09-04 22:27:30 UTC =====
[91m[1mError: [0m{
  "name": "UnknownError",
  "data": {
    "message": "Unexpected server error. Check server logs for details.",
    "ref": "err_54f52d0c"
  }
}
===== ANALYST laguna 2026-09-05 00:17:17 UTC =====
[91m[1mError: [0m{
  "name": "UnknownError",
  "data": {
    "message": "Unexpected server error. Check server logs for details.",
    "ref": "err_c5cd94f6"
  }
}
===== ANALYST laguna 2026-09-05 04:43:56 UTC =====
[91m[1mError: [0m{
  "name": "UnknownError",
  "data": {
    "message": "Unexpected server error. Check server logs for details.",
    "ref": "err_66ea8e0d"
  }
}
===== ANALYST laguna 2026-09-05 08:46:23 UTC =====
[91m[1mError: [0m{
  "name": "UnknownError",
  "data": {
    "message": "Unexpected server error. Check server logs for details.",
    "ref": "err_aed5825f"
  }
}
===== ANALYST laguna 2026-09-05 12:11:29 UTC =====
[91m[1mError: [0m{
  "name": "UnknownError",
  "data": {
    "message": "Unexpected server error. Check server logs for details.",
    "ref": "err_b7a9450a"
  }
}
===== ANALYST laguna 2026-09-05 15:42:43 UTC =====
[91m[1mError: [0m{
  "name": "UnknownError",
  "data": {
    "message": "Unexpected server error. Check server logs for details.",
    "ref": "err_1b967bb8"
  }
}
===== ANALYST laguna 2026-09-05 17:42:22 UTC =====
[91m[1mError: [0m{
  "name": "UnknownError",
  "data": {
    "message": "Unexpected server error. Check server logs for details.",
    "ref": "err_329d34b6"
  }
}
===== ANALYST laguna 2026-09-05 19:35:48 UTC =====
[91m[1mError: [0m{
  "name": "UnknownError",
  "data": {
    "message": "Unexpected server error. Check server logs for details.",
    "ref": "err_f68d6ea4"
  }
}
===== ANALYST laguna 2026-09-05 21:48:33 UTC =====
[91m[1mError: [0m{
  "name": "UnknownError",
  "data": {
    "message": "Unexpected server error. Check server logs for details.",
    "ref": "err_801e3d66"
  }
}
===== ANALYST laguna 2026-09-05 23:43:03 UTC =====
[91m[1mError: [0m{
  "name": "UnknownError",
  "data": {
    "message": "Unexpected server error. Check server logs for details.",
    "ref": "err_216879b5"
  }
}
===== ANALYST laguna 2026-09-06 03:58:05 UTC =====
[91m[1mError: [0m{
  "name": "UnknownError",
  "data": {
    "message": "Unexpected server error. Check server logs for details.",
    "ref": "err_4d9f49c9"
  }
}
===== ANALYST laguna 2026-09-06 08:40:13 UTC =====
[91m[1mError: [0m{
  "name": "UnknownError",
  "data": {
    "message": "Unexpected server error. Check server logs for details.",
    "ref": "err_45093742"
  }
}
===== ANALYST laguna 2026-09-06 12:22:06 UTC =====
[91m[1mError: [0m{
  "name": "UnknownError",
  "data": {
    "message": "Unexpected server error. Check server logs for details.",
    "ref": "err_5b9362e1"
  }
}
===== ANALYST laguna 2026-09-06 15:39:14 UTC =====
[91m[1mError: [0m{
  "name": "UnknownError",
  "data": {
    "message": "Unexpected server error. Check server logs for details.",
    "ref": "err_010cd973"
  }
}
===== ANALYST laguna 2026-09-06 17:44:25 UTC =====
[91m[1mError: [0m{
  "name": "UnknownError",
  "data": {
    "message": "Unexpected server error. Check server logs for details.",
    "ref": "err_1a7537ce"
  }
}
===== ANALYST laguna 2026-09-06 20:17:37 UTC =====
[91m[1mError: [0m{
  "name": "UnknownError",
  "data": {
    "message": "Unexpected server error. Check server logs for details.",
    "ref": "err_3dea9599"
  }
}
===== ANALYST laguna 2026-09-06 22:12:43 UTC =====
[91m[1mError: [0m{
  "name": "UnknownError",
  "data": {
    "message": "Unexpected server error. Check server logs for details.",
    "ref": "err_08e4a291"
  }
}
===== ANALYST laguna 2026-09-07 00:05:41 UTC =====
[91m[1mError: [0m{
  "name": "UnknownError",
  "data": {
    "message": "Unexpected server error. Check server logs for details.",
    "ref": "err_f9ec1642"
  }
}
===== ANALYST laguna 2026-09-07 04:57:10 UTC =====
[91m[1mError: [0m{
  "name": "UnknownError",
  "data": {
    "message": "Unexpected server error. Check server logs for details.",
    "ref": "err_08e88263"
  }
}
===== ANALYST laguna 2026-09-07 10:03:58 UTC =====
[91m[1mError: [0m{
  "name": "UnknownError",
  "data": {
    "message": "Unexpected server error. Check server logs for details.",
    "ref": "err_87291cd0"
  }
}
===== ANALYST laguna 2026-09-07 15:58:33 UTC =====
[91m[1mError: [0m{
  "name": "UnknownError",
  "data": {
    "message": "Unexpected server error. Check server logs for details.",
    "ref": "err_1ee6cbc1"
  }
}
===== ANALYST laguna 2026-09-07 19:53:53 UTC =====
[91m[1mError: [0m{
  "name": "UnknownError",
  "data": {
    "message": "Unexpected server error. Check server logs for details.",
    "ref": "err_c0e6989d"
  }
}
===== ANALYST laguna 2026-09-07 22:42:59 UTC =====
[91m[1mError: [0m{
  "name": "UnknownError",
  "data": {
    "message": "Unexpected server error. Check server logs for details.",
    "ref": "err_02842288"
  }
}
===== ANALYST laguna 2026-09-08 01:08:30 UTC =====
[91m[1mError: [0m{
  "name": "UnknownError",
  "data": {
    "message": "Unexpected server error. Check server logs for details.",
    "ref": "err_a453a40d"
  }
}
===== ANALYST laguna 2026-09-08 06:03:48 UTC =====
[91m[1mError: [0m{
  "name": "UnknownError",
  "data": {
    "message": "Unexpected server error. Check server logs for details.",
    "ref": "err_2c9c4e24"
  }
}
===== ANALYST laguna 2026-09-08 11:30:35 UTC =====
[91m[1mError: [0m{
  "name": "UnknownError",
  "data": {
    "message": "Unexpected server error. Check server logs for details.",
    "ref": "err_4ec07aa9"
  }
}
===== ANALYST laguna 2026-09-08 15:21:10 UTC =====
[91m[1mError: [0m{
  "name": "UnknownError",
  "data": {
    "message": "Unexpected server error. Check server logs for details.",
    "ref": "err_5f862c89"
  }
}
===== ANALYST laguna 2026-09-08 18:51:07 UTC =====
[91m[1mError: [0m{
  "name": "UnknownError",
  "data": {
    "message": "Unexpected server error. Check server logs for details.",
    "ref": "err_a5785923"
  }
}
===== ANALYST laguna 2026-09-08 21:47:30 UTC =====
[91m[1mError: [0m{
  "name": "UnknownError",
  "data": {
    "message": "Unexpected server error. Check server logs for details.",
    "ref": "err_e46faae7"
  }
}
===== ANALYST laguna 2026-09-08 23:58:20 UTC =====
[91m[1mError: [0m{
  "name": "UnknownError",
  "data": {
    "message": "Unexpected server error. Check server logs for details.",
    "ref": "err_d2510c3c"
  }
}
===== ANALYST laguna 2026-09-09 04:30:01 UTC =====
[91m[1mError: [0m{
  "name": "UnknownError",
  "data": {
    "message": "Unexpected server error. Check server logs for details.",
    "ref": "err_8811b001"
  }
}
===== ANALYST laguna 2026-09-09 09:12:24 UTC =====
[91m[1mError: [0m{
  "name": "UnknownError",
  "data": {
    "message": "Unexpected server error. Check server logs for details.",
    "ref": "err_4aae1a33"
  }
}
===== ANALYST laguna 2026-09-09 13:52:43 UTC =====
[91m[1mError: [0m{
  "name": "UnknownError",
  "data": {
    "message": "Unexpected server error. Check server logs for details.",
    "ref": "err_e531a2d5"
  }
}
===== ANALYST laguna 2026-09-09 17:44:36 UTC =====
[91m[1mError: [0m{
  "name": "UnknownError",
  "data": {
    "message": "Unexpected server error. Check server logs for details.",
    "ref": "err_a057647b"
  }
}
===== ANALYST laguna 2026-09-09 20:49:39 UTC =====
[91m[1mError: [0m{
  "name": "UnknownError",
  "data": {
    "message": "Unexpected server error. Check server logs for details.",
    "ref": "err_a079a9c2"
  }
}
===== ANALYST laguna 2026-09-09 23:16:20 UTC =====
[91m[1mError: [0m{
  "name": "UnknownError",
  "data": {
    "message": "Unexpected server error. Check server logs for details.",
    "ref": "err_1d2d1018"
  }
}
===== ANALYST laguna 2026-09-10 01:13:07 UTC =====
[91m[1mError: [0m{
  "name": "UnknownError",
  "data": {
    "message": "Unexpected server error. Check server logs for details.",
    "ref": "err_688b9757"
  }
}
===== ANALYST laguna 2026-09-10 06:10:05 UTC =====
[91m[1mError: [0m{
  "name": "UnknownError",
  "data": {
    "message": "Unexpected server error. Check server logs for details.",
    "ref": "err_2e0b8831"
  }
}
===== ANALYST laguna 2026-09-10 11:33:14 UTC =====
[91m[1mError: [0m{
  "name": "UnknownError",
  "data": {
    "message": "Unexpected server error. Check server logs for details.",
    "ref": "err_643a512e"
  }
}
===== ANALYST laguna 2026-09-10 15:13:38 UTC =====
[91m[1mError: [0m{
  "name": "UnknownError",
  "data": {
    "message": "Unexpected server error. Check server logs for details.",
    "ref": "err_30bb8482"
  }
}
===== ANALYST laguna 2026-09-10 18:36:05 UTC =====
[91m[1mError: [0m{
  "name": "UnknownError",
  "data": {
    "message": "Unexpected server error. Check server logs for details.",
    "ref": "err_1617ccaa"
  }
}
===== ANALYST laguna 2026-09-10 21:16:03 UTC =====
[91m[1mError: [0m{
  "name": "UnknownError",
  "data": {
    "message": "Unexpected server error. Check server logs for details.",
    "ref": "err_8cb9906f"
  }
}
===== ANALYST laguna 2026-09-10 23:16:33 UTC =====
[91m[1mError: [0m{
  "name": "UnknownError",
  "data": {
    "message": "Unexpected server error. Check server logs for details.",
    "ref": "err_becb83bf"
  }
}
===== ANALYST laguna 2026-09-11 01:16:51 UTC =====
[91m[1mError: [0m{
  "name": "UnknownError",
  "data": {
    "message": "Unexpected server error. Check server logs for details.",
    "ref": "err_685c77c6"
  }
}
===== ANALYST laguna 2026-09-11 06:11:04 UTC =====
[91m[1mError: [0m{
  "name": "UnknownError",
  "data": {
    "message": "Unexpected server error. Check server logs for details.",
    "ref": "err_19730655"
  }
}
===== ANALYST laguna 2026-09-11 11:33:54 UTC =====
[91m[1mError: [0m{
  "name": "UnknownError",
  "data": {
    "message": "Unexpected server error. Check server logs for details.",
    "ref": "err_72bed537"
  }
}
===== ANALYST laguna 2026-09-11 15:15:09 UTC =====
[91m[1mError: [0m{
  "name": "UnknownError",
  "data": {
    "message": "Unexpected server error. Check server logs for details.",
    "ref": "err_d4f23c80"
  }
}
===== ANALYST laguna 2026-09-11 18:41:26 UTC =====
[91m[1mError: [0m{
  "name": "UnknownError",
  "data": {
    "message": "Unexpected server error. Check server logs for details.",
    "ref": "err_6f9d3cf9"
  }
}
===== ANALYST laguna 2026-09-11 21:22:04 UTC =====
[91m[1mError: [0m{
  "name": "UnknownError",
  "data": {
    "message": "Unexpected server error. Check server logs for details.",
    "ref": "err_3cefc885"
  }
}
===== ANALYST laguna 2026-09-11 23:34:01 UTC =====
[91m[1mError: [0m{
  "name": "UnknownError",
  "data": {
    "message": "Unexpected server error. Check server logs for details.",
    "ref": "err_7bcb3e9a"
  }
}
===== ANALYST laguna 2026-09-12 01:35:28 UTC =====
[91m[1mError: [0m{
  "name": "UnknownError",
  "data": {
    "message": "Unexpected server error. Check server logs for details.",
    "ref": "err_dd220cbc"
  }
}
===== ANALYST laguna 2026-09-12 06:34:15 UTC =====
[91m[1mError: [0m{
  "name": "UnknownError",
  "data": {
    "message": "Unexpected server error. Check server logs for details.",
    "ref": "err_e1c0be8d"
  }
}
===== ANALYST laguna 2026-09-12 11:17:19 UTC =====
[91m[1mError: [0m{
  "name": "UnknownError",
  "data": {
    "message": "Unexpected server error. Check server logs for details.",
    "ref": "err_7bc364f9"
  }
}
===== ANALYST laguna 2026-09-12 14:17:40 UTC =====
[91m[1mError: [0m{
  "name": "UnknownError",
  "data": {
    "message": "Unexpected server error. Check server logs for details.",
    "ref": "err_8769505c"
  }
}
===== ANALYST laguna 2026-09-12 17:25:46 UTC =====
[91m[1mError: [0m{
  "name": "UnknownError",
  "data": {
    "message": "Unexpected server error. Check server logs for details.",
    "ref": "err_d0578546"
  }
}
===== ANALYST laguna 2026-09-12 19:30:39 UTC =====
[91m[1mError: [0m{
  "name": "UnknownError",
  "data": {
    "message": "Unexpected server error. Check server logs for details.",
    "ref": "err_f70c3161"
  }
}
===== ANALYST laguna 2026-09-12 21:41:03 UTC =====
[91m[1mError: [0m{
  "name": "UnknownError",
  "data": {
    "message": "Unexpected server error. Check server logs for details.",
    "ref": "err_c8a738f9"
  }
}
===== ANALYST laguna 2026-09-12 23:25:05 UTC =====
[91m[1mError: [0m{
  "name": "UnknownError",
  "data": {
    "message": "Unexpected server error. Check server logs for details.",
    "ref": "err_ddec9c6b"
  }
}
===== ANALYST laguna 2026-09-13 01:26:11 UTC =====
[91m[1mError: [0m{
  "name": "UnknownError",
  "data": {
    "message": "Unexpected server error. Check server logs for details.",
    "ref": "err_814eec1d"
  }
}
===== ANALYST laguna 2026-09-13 06:48:36 UTC =====
[91m[1mError: [0m{
  "name": "UnknownError",
  "data": {
    "message": "Unexpected server error. Check server logs for details.",
    "ref": "err_76e71fac"
  }
}
