===== ANALYST ling3 2026-09-03 16:16:20 UTC =====
[91m[1mError: [0m{
  "name": "UnknownError",
  "data": {
    "message": "Unexpected server error. Check server logs for details.",
    "ref": "err_98241bcc"
  }
}
===== ANALYST ling3 2026-09-03 19:28:15 UTC =====
[91m[1mError: [0m{
  "name": "UnknownError",
  "data": {
    "message": "Unexpected server error. Check server logs for details.",
    "ref": "err_e3b3e221"
  }
}
===== ANALYST ling3 2026-09-03 21:54:04 UTC =====
[91m[1mError: [0m{
  "name": "UnknownError",
  "data": {
    "message": "Unexpected server error. Check server logs for details.",
    "ref": "err_b20045cb"
  }
}
===== ANALYST ling3 2026-09-04 00:01:14 UTC =====
[91m[1mError: [0m{
  "name": "UnknownError",
  "data": {
    "message": "Unexpected server error. Check server logs for details.",
    "ref": "err_3e712607"
  }
}
===== ANALYST ling3 2026-09-04 03:59:02 UTC =====
[91m[1mError: [0m{
  "name": "UnknownError",
  "data": {
    "message": "Unexpected server error. Check server logs for details.",
    "ref": "err_fe19370f"
  }
}
===== ANALYST ling3 2026-09-04 08:47:33 UTC =====
[91m[1mError: [0m{
  "name": "UnknownError",
  "data": {
    "message": "Unexpected server error. Check server logs for details.",
    "ref": "err_f5dcddac"
  }
}
===== ANALYST ling3 2026-09-04 13:36:00 UTC =====
[91m[1mError: [0m{
  "name": "UnknownError",
  "data": {
    "message": "Unexpected server error. Check server logs for details.",
    "ref": "err_369ed0ce"
  }
}
===== ANALYST ling3 2026-09-04 17:14:36 UTC =====
[91m[1mError: [0m{
  "name": "UnknownError",
  "data": {
    "message": "Unexpected server error. Check server logs for details.",
    "ref": "err_1f75df55"
  }
}
===== ANALYST ling3 2026-09-04 20:01:49 UTC =====
[91m[1mError: [0m{
  "name": "UnknownError",
  "data": {
    "message": "Unexpected server error. Check server logs for details.",
    "ref": "err_deba26dc"
  }
}
===== ANALYST ling3 2026-09-04 22:27:30 UTC =====
[91m[1mError: [0m{
  "name": "UnknownError",
  "data": {
    "message": "Unexpected server error. Check server logs for details.",
    "ref": "err_a3810d73"
  }
}
===== ANALYST ling3 2026-09-05 00:17:17 UTC =====
[91m[1mError: [0m{
  "name": "UnknownError",
  "data": {
    "message": "Unexpected server error. Check server logs for details.",
    "ref": "err_471f49ad"
  }
}
===== ANALYST ling3 2026-09-05 04:43:56 UTC =====
[91m[1mError: [0m{
  "name": "UnknownError",
  "data": {
    "message": "Unexpected server error. Check server logs for details.",
    "ref": "err_72da622d"
  }
}
===== ANALYST ling3 2026-09-05 08:46:23 UTC =====
[91m[1mError: [0m{
  "name": "UnknownError",
  "data": {
    "message": "Unexpected server error. Check server logs for details.",
    "ref": "err_d9d7ae9c"
  }
}
===== ANALYST ling3 2026-09-05 12:11:29 UTC =====
[91m[1mError: [0m{
  "name": "UnknownError",
  "data": {
    "message": "Unexpected server error. Check server logs for details.",
    "ref": "err_b93a9891"
  }
}
===== ANALYST ling3 2026-09-05 15:42:43 UTC =====
[91m[1mError: [0m{
  "name": "UnknownError",
  "data": {
    "message": "Unexpected server error. Check server logs for details.",
    "ref": "err_e8a7e3ec"
  }
}
===== ANALYST ling3 2026-09-05 17:42:22 UTC =====
[91m[1mError: [0m{
  "name": "UnknownError",
  "data": {
    "message": "Unexpected server error. Check server logs for details.",
    "ref": "err_3547977d"
  }
}
===== ANALYST ling3 2026-09-05 19:35:48 UTC =====
[91m[1mError: [0m{
  "name": "UnknownError",
  "data": {
    "message": "Unexpected server error. Check server logs for details.",
    "ref": "err_04ca304b"
  }
}
===== ANALYST ling3 2026-09-05 21:48:33 UTC =====
[91m[1mError: [0m{
  "name": "UnknownError",
  "data": {
    "message": "Unexpected server error. Check server logs for details.",
    "ref": "err_5a9e4de3"
  }
}
===== ANALYST ling3 2026-09-05 23:43:03 UTC =====
[91m[1mError: [0m{
  "name": "UnknownError",
  "data": {
    "message": "Unexpected server error. Check server logs for details.",
    "ref": "err_8f546bf9"
  }
}
===== ANALYST ling3 2026-09-06 03:58:05 UTC =====
[91m[1mError: [0m{
  "name": "UnknownError",
  "data": {
    "message": "Unexpected server error. Check server logs for details.",
    "ref": "err_184259c0"
  }
}
===== ANALYST ling3 2026-09-06 08:40:13 UTC =====
[91m[1mError: [0m{
  "name": "UnknownError",
  "data": {
    "message": "Unexpected server error. Check server logs for details.",
    "ref": "err_90e5b538"
  }
}
===== ANALYST ling3 2026-09-06 12:22:06 UTC =====
[91m[1mError: [0m{
  "name": "UnknownError",
  "data": {
    "message": "Unexpected server error. Check server logs for details.",
    "ref": "err_c2a8e4cc"
  }
}
===== ANALYST ling3 2026-09-06 15:39:14 UTC =====
[91m[1mError: [0m{
  "name": "UnknownError",
  "data": {
    "message": "Unexpected server error. Check server logs for details.",
    "ref": "err_28a9cb7a"
  }
}
===== ANALYST ling3 2026-09-06 17:44:25 UTC =====
[91m[1mError: [0m{
  "name": "UnknownError",
  "data": {
    "message": "Unexpected server error. Check server logs for details.",
    "ref": "err_15c3c5bb"
  }
}
===== ANALYST ling3 2026-09-06 20:17:37 UTC =====
[91m[1mError: [0m{
  "name": "UnknownError",
  "data": {
    "message": "Unexpected server error. Check server logs for details.",
    "ref": "err_4887792d"
  }
}
===== ANALYST ling3 2026-09-06 22:12:43 UTC =====
[91m[1mError: [0m{
  "name": "UnknownError",
  "data": {
    "message": "Unexpected server error. Check server logs for details.",
    "ref": "err_b9b8b20e"
  }
}
===== ANALYST ling3 2026-09-07 00:05:41 UTC =====
[91m[1mError: [0m{
  "name": "UnknownError",
  "data": {
    "message": "Unexpected server error. Check server logs for details.",
    "ref": "err_b4ce0156"
  }
}
===== ANALYST ling3 2026-09-07 04:57:10 UTC =====
[91m[1mError: [0m{
  "name": "UnknownError",
  "data": {
    "message": "Unexpected server error. Check server logs for details.",
    "ref": "err_7d2b7387"
  }
}
===== ANALYST ling3 2026-09-07 10:03:58 UTC =====
[91m[1mError: [0m{
  "name": "UnknownError",
  "data": {
    "message": "Unexpected server error. Check server logs for details.",
    "ref": "err_7725dc9a"
  }
}
===== ANALYST ling3 2026-09-07 15:58:33 UTC =====
[91m[1mError: [0m{
  "name": "UnknownError",
  "data": {
    "message": "Unexpected server error. Check server logs for details.",
    "ref": "err_9ecdbdd8"
  }
}
===== ANALYST ling3 2026-09-07 19:53:53 UTC =====
[91m[1mError: [0m{
  "name": "UnknownError",
  "data": {
    "message": "Unexpected server error. Check server logs for details.",
    "ref": "err_181858c8"
  }
}
===== ANALYST ling3 2026-09-07 22:42:59 UTC =====
[91m[1mError: [0m{
  "name": "UnknownError",
  "data": {
    "message": "Unexpected server error. Check server logs for details.",
    "ref": "err_2db6197b"
  }
}
===== ANALYST ling3 2026-09-08 01:08:30 UTC =====
[91m[1mError: [0m{
  "name": "UnknownError",
  "data": {
    "message": "Unexpected server error. Check server logs for details.",
    "ref": "err_fd32777d"
  }
}
===== ANALYST ling3 2026-09-08 06:03:48 UTC =====
[91m[1mError: [0m{
  "name": "UnknownError",
  "data": {
    "message": "Unexpected server error. Check server logs for details.",
    "ref": "err_177a1e5d"
  }
}
===== ANALYST ling3 2026-09-08 11:30:35 UTC =====
[91m[1mError: [0m{
  "name": "UnknownError",
  "data": {
    "message": "Unexpected server error. Check server logs for details.",
    "ref": "err_be9ff4f9"
  }
}
===== ANALYST ling3 2026-09-08 15:21:10 UTC =====
[91m[1mError: [0m{
  "name": "UnknownError",
  "data": {
    "message": "Unexpected server error. Check server logs for details.",
    "ref": "err_cf860a5a"
  }
}
===== ANALYST ling3 2026-09-08 18:51:07 UTC =====
[91m[1mError: [0m{
  "name": "UnknownError",
  "data": {
    "message": "Unexpected server error. Check server logs for details.",
    "ref": "err_a1299854"
  }
}
===== ANALYST ling3 2026-09-08 21:47:30 UTC =====
[91m[1mError: [0m{
  "name": "UnknownError",
  "data": {
    "message": "Unexpected server error. Check server logs for details.",
    "ref": "err_48553e09"
  }
}
===== ANALYST ling3 2026-09-08 23:58:20 UTC =====
[91m[1mError: [0m{
  "name": "UnknownError",
  "data": {
    "message": "Unexpected server error. Check server logs for details.",
    "ref": "err_84951307"
  }
}
===== ANALYST ling3 2026-09-09 04:30:01 UTC =====
[91m[1mError: [0m{
  "name": "UnknownError",
  "data": {
    "message": "Unexpected server error. Check server logs for details.",
    "ref": "err_3ccab631"
  }
}
===== ANALYST ling3 2026-09-09 09:12:24 UTC =====
[91m[1mError: [0m{
  "name": "UnknownError",
  "data": {
    "message": "Unexpected server error. Check server logs for details.",
    "ref": "err_2f305ff6"
  }
}
===== ANALYST ling3 2026-09-09 13:52:43 UTC =====
[91m[1mError: [0m{
  "name": "UnknownError",
  "data": {
    "message": "Unexpected server error. Check server logs for details.",
    "ref": "err_3847ae78"
  }
}
===== ANALYST ling3 2026-09-09 17:44:36 UTC =====
[91m[1mError: [0m{
  "name": "UnknownError",
  "data": {
    "message": "Unexpected server error. Check server logs for details.",
    "ref": "err_1ce8b8fb"
  }
}
===== ANALYST ling3 2026-09-09 20:49:39 UTC =====
[91m[1mError: [0m{
  "name": "UnknownError",
  "data": {
    "message": "Unexpected server error. Check server logs for details.",
    "ref": "err_b2a29e2e"
  }
}
===== ANALYST ling3 2026-09-09 23:16:20 UTC =====
[91m[1mError: [0m{
  "name": "UnknownError",
  "data": {
    "message": "Unexpected server error. Check server logs for details.",
    "ref": "err_7ff5e41f"
  }
}
===== ANALYST ling3 2026-09-10 01:13:07 UTC =====
[91m[1mError: [0m{
  "name": "UnknownError",
  "data": {
    "message": "Unexpected server error. Check server logs for details.",
    "ref": "err_f902039a"
  }
}
===== ANALYST ling3 2026-09-10 06:10:05 UTC =====
[91m[1mError: [0m{
  "name": "UnknownError",
  "data": {
    "message": "Unexpected server error. Check server logs for details.",
    "ref": "err_24a74cac"
  }
}
===== ANALYST ling3 2026-09-10 11:33:14 UTC =====
[91m[1mError: [0m{
  "name": "UnknownError",
  "data": {
    "message": "Unexpected server error. Check server logs for details.",
    "ref": "err_e56d92f8"
  }
}
===== ANALYST ling3 2026-09-10 15:13:38 UTC =====
[91m[1mError: [0m{
  "name": "UnknownError",
  "data": {
    "message": "Unexpected server error. Check server logs for details.",
    "ref": "err_ed56e4e7"
  }
}
===== ANALYST ling3 2026-09-10 18:36:05 UTC =====
[91m[1mError: [0m{
  "name": "UnknownError",
  "data": {
    "message": "Unexpected server error. Check server logs for details.",
    "ref": "err_2a31912c"
  }
}
===== ANALYST ling3 2026-09-10 21:16:03 UTC =====
[91m[1mError: [0m{
  "name": "UnknownError",
  "data": {
    "message": "Unexpected server error. Check server logs for details.",
    "ref": "err_2c4609f7"
  }
}
===== ANALYST ling3 2026-09-10 23:16:33 UTC =====
[91m[1mError: [0m{
  "name": "UnknownError",
  "data": {
    "message": "Unexpected server error. Check server logs for details.",
    "ref": "err_222f41bf"
  }
}
===== ANALYST ling3 2026-09-11 01:16:51 UTC =====
[91m[1mError: [0m{
  "name": "UnknownError",
  "data": {
    "message": "Unexpected server error. Check server logs for details.",
    "ref": "err_c3ec20ec"
  }
}
===== ANALYST ling3 2026-09-11 06:11:04 UTC =====
[91m[1mError: [0m{
  "name": "UnknownError",
  "data": {
    "message": "Unexpected server error. Check server logs for details.",
    "ref": "err_9d4e5b78"
  }
}
===== ANALYST ling3 2026-09-11 11:33:54 UTC =====
[91m[1mError: [0m{
  "name": "UnknownError",
  "data": {
    "message": "Unexpected server error. Check server logs for details.",
    "ref": "err_a48d408f"
  }
}
===== ANALYST ling3 2026-09-11 15:15:09 UTC =====
[91m[1mError: [0m{
  "name": "UnknownError",
  "data": {
    "message": "Unexpected server error. Check server logs for details.",
    "ref": "err_a8fd3be8"
  }
}
===== ANALYST ling3 2026-09-11 18:41:26 UTC =====
[91m[1mError: [0m{
  "name": "UnknownError",
  "data": {
    "message": "Unexpected server error. Check server logs for details.",
    "ref": "err_382ad824"
  }
}
===== ANALYST ling3 2026-09-11 21:22:04 UTC =====
[91m[1mError: [0m{
  "name": "UnknownError",
  "data": {
    "message": "Unexpected server error. Check server logs for details.",
    "ref": "err_2f012db9"
  }
}
===== ANALYST ling3 2026-09-11 23:34:01 UTC =====
[91m[1mError: [0m{
  "name": "UnknownError",
  "data": {
    "message": "Unexpected server error. Check server logs for details.",
    "ref": "err_42e918a6"
  }
}
===== ANALYST ling3 2026-09-12 01:35:28 UTC =====
[91m[1mError: [0m{
  "name": "UnknownError",
  "data": {
    "message": "Unexpected server error. Check server logs for details.",
    "ref": "err_ee67731e"
  }
}
===== ANALYST ling3 2026-09-12 06:34:15 UTC =====
[91m[1mError: [0m{
  "name": "UnknownError",
  "data": {
    "message": "Unexpected server error. Check server logs for details.",
    "ref": "err_58b64053"
  }
}
===== ANALYST ling3 2026-09-12 11:17:19 UTC =====
[91m[1mError: [0m{
  "name": "UnknownError",
  "data": {
    "message": "Unexpected server error. Check server logs for details.",
    "ref": "err_76eded0d"
  }
}
===== ANALYST ling3 2026-09-12 14:17:40 UTC =====
[91m[1mError: [0m{
  "name": "UnknownError",
  "data": {
    "message": "Unexpected server error. Check server logs for details.",
    "ref": "err_71415606"
  }
}
===== ANALYST ling3 2026-09-12 17:25:46 UTC =====
[91m[1mError: [0m{
  "name": "UnknownError",
  "data": {
    "message": "Unexpected server error. Check server logs for details.",
    "ref": "err_14567441"
  }
}
===== ANALYST ling3 2026-09-12 19:30:39 UTC =====
[91m[1mError: [0m{
  "name": "UnknownError",
  "data": {
    "message": "Unexpected server error. Check server logs for details.",
    "ref": "err_835ac7af"
  }
}
===== ANALYST ling3 2026-09-12 21:41:03 UTC =====
[91m[1mError: [0m{
  "name": "UnknownError",
  "data": {
    "message": "Unexpected server error. Check server logs for details.",
    "ref": "err_f0726675"
  }
}
===== ANALYST ling3 2026-09-12 23:25:05 UTC =====
[91m[1mError: [0m{
  "name": "UnknownError",
  "data": {
    "message": "Unexpected server error. Check server logs for details.",
    "ref": "err_6e27ef61"
  }
}
===== ANALYST ling3 2026-09-13 01:26:11 UTC =====
[91m[1mError: [0m{
  "name": "UnknownError",
  "data": {
    "message": "Unexpected server error. Check server logs for details.",
    "ref": "err_73af9f49"
  }
}
===== ANALYST ling3 2026-09-13 06:48:36 UTC =====
[91m[1mError: [0m{
  "name": "UnknownError",
  "data": {
    "message": "Unexpected server error. Check server logs for details.",
    "ref": "err_054ac1a3"
  }
}
===== ANALYST ling3 2026-09-13 12:43:31 UTC =====
[91m[1mError: [0m{
  "name": "UnknownError",
  "data": {
    "message": "Unexpected server error. Check server logs for details.",
    "ref": "err_e47f757c"
  }
}
===== ANALYST ling3 2026-09-13 16:42:35 UTC =====
[91m[1mError: [0m{
  "name": "UnknownError",
  "data": {
    "message": "Unexpected server error. Check server logs for details.",
    "ref": "err_27712c14"
  }
}
===== ANALYST ling3 2026-09-13 19:05:29 UTC =====
[91m[1mError: [0m{
  "name": "UnknownError",
  "data": {
    "message": "Unexpected server error. Check server logs for details.",
    "ref": "err_ae44a99d"
  }
}
===== ANALYST ling3 2026-09-13 21:26:55 UTC =====
[91m[1mError: [0m{
  "name": "UnknownError",
  "data": {
    "message": "Unexpected server error. Check server logs for details.",
    "ref": "err_1df19fac"
  }
}
===== ANALYST ling3 2026-09-13 23:38:27 UTC =====
[91m[1mError: [0m{
  "name": "UnknownError",
  "data": {
    "message": "Unexpected server error. Check server logs for details.",
    "ref": "err_ef67a40c"
  }
}
===== ANALYST ling3 2026-09-14 01:53:33 UTC =====
[91m[1mError: [0m{
  "name": "UnknownError",
  "data": {
    "message": "Unexpected server error. Check server logs for details.",
    "ref": "err_008d6d83"
  }
}
===== ANALYST ling3 2026-09-14 07:11:55 UTC =====
[91m[1mError: [0m{
  "name": "UnknownError",
  "data": {
    "message": "Unexpected server error. Check server logs for details.",
    "ref": "err_fac73221"
  }
}
===== ANALYST ling3 2026-09-14 14:23:38 UTC =====
[91m[1mError: [0m{
  "name": "UnknownError",
  "data": {
    "message": "Unexpected server error. Check server logs for details.",
    "ref": "err_d0cb65ea"
  }
}
===== ANALYST ling3 2026-09-14 19:33:50 UTC =====
[91m[1mError: [0m{
  "name": "UnknownError",
  "data": {
    "message": "Unexpected server error. Check server logs for details.",
    "ref": "err_15c8c015"
  }
}
===== ANALYST ling3 2026-09-14 22:56:04 UTC =====
[91m[1mError: [0m{
  "name": "UnknownError",
  "data": {
    "message": "Unexpected server error. Check server logs for details.",
    "ref": "err_36f6448c"
  }
}
===== ANALYST ling3 2026-09-15 01:19:45 UTC =====
[91m[1mError: [0m{
  "name": "UnknownError",
  "data": {
    "message": "Unexpected server error. Check server logs for details.",
    "ref": "err_d0af23bb"
  }
}
===== ANALYST ling3 2026-09-15 06:15:55 UTC =====
[91m[1mError: [0m{
  "name": "UnknownError",
  "data": {
    "message": "Unexpected server error. Check server logs for details.",
    "ref": "err_0cae477e"
  }
}
===== ANALYST ling3 2026-09-15 11:57:38 UTC =====
[91m[1mError: [0m{
  "name": "UnknownError",
  "data": {
    "message": "Unexpected server error. Check server logs for details.",
    "ref": "err_36530028"
  }
}
===== ANALYST ling3 2026-09-15 16:53:45 UTC =====
[91m[1mError: [0m{
  "name": "UnknownError",
  "data": {
    "message": "Unexpected server error. Check server logs for details.",
    "ref": "err_17dce273"
  }
}
===== ANALYST ling3 2026-09-15 19:57:14 UTC =====
[91m[1mError: [0m{
  "name": "UnknownError",
  "data": {
    "message": "Unexpected server error. Check server logs for details.",
    "ref": "err_ad96c3e7"
  }
}
===== ANALYST ling3 2026-09-15 22:55:53 UTC =====
[91m[1mError: [0m{
  "name": "UnknownError",
  "data": {
    "message": "Unexpected server error. Check server logs for details.",
    "ref": "err_5c1aaf04"
  }
}
===== ANALYST ling3 2026-09-16 01:13:36 UTC =====
[91m[1mError: [0m{
  "name": "UnknownError",
  "data": {
    "message": "Unexpected server error. Check server logs for details.",
    "ref": "err_b8d88096"
  }
}
===== ANALYST ling3 2026-09-16 06:13:42 UTC =====
[91m[1mError: [0m{
  "name": "UnknownError",
  "data": {
    "message": "Unexpected server error. Check server logs for details.",
    "ref": "err_7cb619ab"
  }
}
===== ANALYST ling3 2026-09-16 11:51:46 UTC =====
[91m[1mError: [0m{
  "name": "UnknownError",
  "data": {
    "message": "Unexpected server error. Check server logs for details.",
    "ref": "err_ea2bd9bd"
  }
}
===== ANALYST ling3 2026-09-16 16:35:51 UTC =====
[91m[1mError: [0m{
  "name": "UnknownError",
  "data": {
    "message": "Unexpected server error. Check server logs for details.",
    "ref": "err_a557c7bc"
  }
}
===== ANALYST ling3 2026-09-16 20:03:42 UTC =====
[91m[1mError: [0m{
  "name": "UnknownError",
  "data": {
    "message": "Unexpected server error. Check server logs for details.",
    "ref": "err_87e020cf"
  }
}
===== ANALYST ling3 2026-09-16 22:48:57 UTC =====
[91m[1mError: [0m{
  "name": "UnknownError",
  "data": {
    "message": "Unexpected server error. Check server logs for details.",
    "ref": "err_3db5a972"
  }
}
===== ANALYST ling3 2026-09-17 01:14:53 UTC =====
[91m[1mError: [0m{
  "name": "UnknownError",
  "data": {
    "message": "Unexpected server error. Check server logs for details.",
    "ref": "err_edf84aef"
  }
}
===== ANALYST ling3 2026-09-17 06:18:37 UTC =====
[91m[1mError: [0m{
  "name": "UnknownError",
  "data": {
    "message": "Unexpected server error. Check server logs for details.",
    "ref": "err_5168b527"
  }
}
===== ANALYST ling3 2026-09-17 11:54:25 UTC =====
[91m[1mError: [0m{
  "name": "UnknownError",
  "data": {
    "message": "Unexpected server error. Check server logs for details.",
    "ref": "err_a7ebc0b0"
  }
}
===== ANALYST ling3 2026-09-17 16:42:11 UTC =====
[91m[1mError: [0m{
  "name": "UnknownError",
  "data": {
    "message": "Unexpected server error. Check server logs for details.",
    "ref": "err_d1fdda96"
  }
}
===== ANALYST ling3 2026-09-17 19:53:26 UTC =====
[91m[1mError: [0m{
  "name": "UnknownError",
  "data": {
    "message": "Unexpected server error. Check server logs for details.",
    "ref": "err_9665353e"
  }
}
===== ANALYST ling3 2026-09-17 22:45:48 UTC =====
[91m[1mError: [0m{
  "name": "UnknownError",
  "data": {
    "message": "Unexpected server error. Check server logs for details.",
    "ref": "err_b4ebe262"
  }
}
===== ANALYST ling3 2026-09-18 01:09:29 UTC =====
[91m[1mError: [0m{
  "name": "UnknownError",
  "data": {
    "message": "Unexpected server error. Check server logs for details.",
    "ref": "err_7b733d09"
  }
}
