===== ANALYST longcat 2026-09-03 16:16:20 UTC =====
[91m[1mError: [0m{
  "name": "UnknownError",
  "data": {
    "message": "Unexpected server error. Check server logs for details.",
    "ref": "err_18869d86"
  }
}
===== ANALYST longcat 2026-09-03 19:28:15 UTC =====
[91m[1mError: [0m{
  "name": "UnknownError",
  "data": {
    "message": "Unexpected server error. Check server logs for details.",
    "ref": "err_83bab0c0"
  }
}
===== ANALYST longcat 2026-09-03 21:54:04 UTC =====
[91m[1mError: [0m{
  "name": "UnknownError",
  "data": {
    "message": "Unexpected server error. Check server logs for details.",
    "ref": "err_abc83d17"
  }
}
===== ANALYST longcat 2026-09-04 00:01:14 UTC =====
[91m[1mError: [0m{
  "name": "UnknownError",
  "data": {
    "message": "Unexpected server error. Check server logs for details.",
    "ref": "err_d2aba44e"
  }
}
===== ANALYST longcat 2026-09-04 03:59:02 UTC =====
[91m[1mError: [0m{
  "name": "UnknownError",
  "data": {
    "message": "Unexpected server error. Check server logs for details.",
    "ref": "err_f4600350"
  }
}
===== ANALYST longcat 2026-09-04 08:47:33 UTC =====
[91m[1mError: [0m{
  "name": "UnknownError",
  "data": {
    "message": "Unexpected server error. Check server logs for details.",
    "ref": "err_d1219bb3"
  }
}
===== ANALYST longcat 2026-09-04 13:36:00 UTC =====
[91m[1mError: [0m{
  "name": "UnknownError",
  "data": {
    "message": "Unexpected server error. Check server logs for details.",
    "ref": "err_0ccc0768"
  }
}
===== ANALYST longcat 2026-09-04 17:14:36 UTC =====
[91m[1mError: [0m{
  "name": "UnknownError",
  "data": {
    "message": "Unexpected server error. Check server logs for details.",
    "ref": "err_dfbab838"
  }
}
===== ANALYST longcat 2026-09-04 20:01:49 UTC =====
[91m[1mError: [0m{
  "name": "UnknownError",
  "data": {
    "message": "Unexpected server error. Check server logs for details.",
    "ref": "err_2b6e73e1"
  }
}
===== ANALYST longcat 2026-09-04 22:27:30 UTC =====
[91m[1mError: [0m{
  "name": "UnknownError",
  "data": {
    "message": "Unexpected server error. Check server logs for details.",
    "ref": "err_93e08d5e"
  }
}
===== ANALYST longcat 2026-09-05 00:17:17 UTC =====
[91m[1mError: [0m{
  "name": "UnknownError",
  "data": {
    "message": "Unexpected server error. Check server logs for details.",
    "ref": "err_3bd165f1"
  }
}
===== ANALYST longcat 2026-09-05 04:43:56 UTC =====
[91m[1mError: [0m{
  "name": "UnknownError",
  "data": {
    "message": "Unexpected server error. Check server logs for details.",
    "ref": "err_76955cfb"
  }
}
===== ANALYST longcat 2026-09-05 08:46:23 UTC =====
[91m[1mError: [0m{
  "name": "UnknownError",
  "data": {
    "message": "Unexpected server error. Check server logs for details.",
    "ref": "err_33f1e142"
  }
}
===== ANALYST longcat 2026-09-05 12:11:29 UTC =====
[91m[1mError: [0m{
  "name": "UnknownError",
  "data": {
    "message": "Unexpected server error. Check server logs for details.",
    "ref": "err_837acf55"
  }
}
===== ANALYST longcat 2026-09-05 15:42:43 UTC =====
[91m[1mError: [0m{
  "name": "UnknownError",
  "data": {
    "message": "Unexpected server error. Check server logs for details.",
    "ref": "err_ef351564"
  }
}
===== ANALYST longcat 2026-09-05 17:42:22 UTC =====
[91m[1mError: [0m{
  "name": "UnknownError",
  "data": {
    "message": "Unexpected server error. Check server logs for details.",
    "ref": "err_d3211b31"
  }
}
===== ANALYST longcat 2026-09-05 19:35:48 UTC =====
[91m[1mError: [0m{
  "name": "UnknownError",
  "data": {
    "message": "Unexpected server error. Check server logs for details.",
    "ref": "err_6a13f2dd"
  }
}
===== ANALYST longcat 2026-09-05 21:48:33 UTC =====
[91m[1mError: [0m{
  "name": "UnknownError",
  "data": {
    "message": "Unexpected server error. Check server logs for details.",
    "ref": "err_6dd30dc5"
  }
}
===== ANALYST longcat 2026-09-05 23:43:03 UTC =====
[91m[1mError: [0m{
  "name": "UnknownError",
  "data": {
    "message": "Unexpected server error. Check server logs for details.",
    "ref": "err_68bce324"
  }
}
===== ANALYST longcat 2026-09-06 03:58:05 UTC =====
[91m[1mError: [0m{
  "name": "UnknownError",
  "data": {
    "message": "Unexpected server error. Check server logs for details.",
    "ref": "err_3d0f5479"
  }
}
===== ANALYST longcat 2026-09-06 08:40:13 UTC =====
[91m[1mError: [0m{
  "name": "UnknownError",
  "data": {
    "message": "Unexpected server error. Check server logs for details.",
    "ref": "err_e1c27f19"
  }
}
===== ANALYST longcat 2026-09-06 12:22:06 UTC =====
[91m[1mError: [0m{
  "name": "UnknownError",
  "data": {
    "message": "Unexpected server error. Check server logs for details.",
    "ref": "err_6f672369"
  }
}
===== ANALYST longcat 2026-09-06 15:39:14 UTC =====
[91m[1mError: [0m{
  "name": "UnknownError",
  "data": {
    "message": "Unexpected server error. Check server logs for details.",
    "ref": "err_c9809cc9"
  }
}
===== ANALYST longcat 2026-09-06 17:44:25 UTC =====
[91m[1mError: [0m{
  "name": "UnknownError",
  "data": {
    "message": "Unexpected server error. Check server logs for details.",
    "ref": "err_759ba292"
  }
}
===== ANALYST longcat 2026-09-06 20:17:37 UTC =====
[91m[1mError: [0m{
  "name": "UnknownError",
  "data": {
    "message": "Unexpected server error. Check server logs for details.",
    "ref": "err_52408d53"
  }
}
===== ANALYST longcat 2026-09-06 22:12:43 UTC =====
[91m[1mError: [0m{
  "name": "UnknownError",
  "data": {
    "message": "Unexpected server error. Check server logs for details.",
    "ref": "err_4dad4783"
  }
}
===== ANALYST longcat 2026-09-07 00:05:41 UTC =====
[91m[1mError: [0m{
  "name": "UnknownError",
  "data": {
    "message": "Unexpected server error. Check server logs for details.",
    "ref": "err_36a894bc"
  }
}
===== ANALYST longcat 2026-09-07 04:57:10 UTC =====
[91m[1mError: [0m{
  "name": "UnknownError",
  "data": {
    "message": "Unexpected server error. Check server logs for details.",
    "ref": "err_10d7bae4"
  }
}
===== ANALYST longcat 2026-09-07 10:03:58 UTC =====
[91m[1mError: [0m{
  "name": "UnknownError",
  "data": {
    "message": "Unexpected server error. Check server logs for details.",
    "ref": "err_cb2eee0e"
  }
}
===== ANALYST longcat 2026-09-07 15:58:33 UTC =====
[91m[1mError: [0m{
  "name": "UnknownError",
  "data": {
    "message": "Unexpected server error. Check server logs for details.",
    "ref": "err_b30c5d58"
  }
}
===== ANALYST longcat 2026-09-07 19:53:53 UTC =====
[91m[1mError: [0m{
  "name": "UnknownError",
  "data": {
    "message": "Unexpected server error. Check server logs for details.",
    "ref": "err_0840fdf7"
  }
}
===== ANALYST longcat 2026-09-07 22:42:59 UTC =====
[91m[1mError: [0m{
  "name": "UnknownError",
  "data": {
    "message": "Unexpected server error. Check server logs for details.",
    "ref": "err_9aa2b15e"
  }
}
